Last login: Mon May  1 09:06:11 on console
grc-colombia:~ nlibby$ cd desktop/338_02_L05_Nlibby
grc-colombia:338_02_L05_Nlibby nlibby$ pwd
/Users/nlibby/desktop/338_02_L05_Nlibby
grc-colombia:338_02_L05_Nlibby nlibby$ git init
Initialized empty Git repository in /Users/nlibby/Desktop/338_02_L05_Nlibby/.git/
grc-colombia:338_02_L05_Nlibby nlibby$ git add -A
grc-colombia:338_02_L05_Nlibby nlibby$ git status
On branch master

Initial commit

Changes to be committed:
  (use "git rm --cached <file>..." to unstage)

	new file:   .DS_Store
	new file:   css/.DS_Store
	new file:   css/styles.css
	new file:   images/.DS_Store
	new file:   images/Lab 5 text.docx
	new file:   images/LimeGreen.jpg
	new file:   images/Logo.ai
	new file:   images/black.png
	new file:   images/green.jpg
	new file:   images/white.jpg
	new file:   index.html

grc-colombia:338_02_L05_Nlibby nlibby$ git commit -m "add files"
[master (root-commit) eceb920] add files
 11 files changed, 6390 insertions(+)
 create mode 100644 .DS_Store
 create mode 100644 css/.DS_Store
 create mode 100644 css/styles.css
 create mode 100644 images/.DS_Store
 create mode 100755 images/Lab 5 text.docx
 create mode 100755 images/LimeGreen.jpg
 create mode 100755 images/Logo.ai
 create mode 100755 images/black.png
 create mode 100755 images/green.jpg
 create mode 100755 images/white.jpg
 create mode 100644 index.html
grc-colombia:338_02_L05_Nlibby nlibby$ git log
commit eceb920e52c4dfb05b0618cba013f743e3008146
Author: kiipcha <nicole.m.libby@gmail.com>
Date:   Mon May 1 09:46:10 2017 -0700

    add files
grc-colombia:338_02_L05_Nlibby nlibby$ git remote add origin https://github.com/kiipcha/GrC-338-lab-5.git
grc-colombia:338_02_L05_Nlibby nlibby$ git push -u origin master
Counting objects: 15, done.
Delta compression using up to 4 threads.
Compressing objects: 100% (15/15), done.
Writing objects: 100% (15/15), 2.70 MiB | 1.76 MiB/s, done.
Total 15 (delta 3), reused 0 (delta 0)
remote: Resolving deltas: 100% (3/3), done.
To https://github.com/kiipcha/GrC-338-lab-5.git
 * [new branch]      master -> master
Branch master set up to track remote branch master from origin.
grc-colombia:338_02_L05_Nlibby nlibby$ git status
On branch master
Your branch is up-to-date with 'origin/master'.
Changes not staged for commit:
  (use "git add <file>..." to update what will be committed)
  (use "git checkout -- <file>..." to discard changes in working directory)

	modified:   .DS_Store
	modified:   css/.DS_Store
	modified:   css/styles.css
	modified:   index.html

no changes added to commit (use "git add" and/or "git commit -a")
grc-colombia:338_02_L05_Nlibby nlibby$ git add -A
grc-colombia:338_02_L05_Nlibby nlibby$ git commit -m "Add text"
[master 7ae4561] Add text
 4 files changed, 63 insertions(+), 16 deletions(-)
grc-colombia:338_02_L05_Nlibby nlibby$ git status
On branch master
Your branch is ahead of 'origin/master' by 1 commit.
  (use "git push" to publish your local commits)
nothing to commit, working tree clean
grc-colombia:338_02_L05_Nlibby nlibby$ git add -A
grc-colombia:338_02_L05_Nlibby nlibby$ git commit -m "Table Colors Added"
[master 88f82ee] Table Colors Added
 5 files changed, 35 insertions(+), 9 deletions(-)
 create mode 100644 images/Logo.png
grc-colombia:338_02_L05_Nlibby nlibby$ git status
On branch master
Your branch is ahead of 'origin/master' by 2 commits.
  (use "git push" to publish your local commits)
nothing to commit, working tree clean
grc-colombia:338_02_L05_Nlibby nlibby$ git add -A
grc-colombia:338_02_L05_Nlibby nlibby$ git commit -m "Table border"
[master 3d0227a] Table border
 2 files changed, 15 insertions(+), 10 deletions(-)
grc-colombia:338_02_L05_Nlibby nlibby$ git status
On branch master
Your branch is ahead of 'origin/master' by 3 commits.
  (use "git push" to publish your local commits)
nothing to commit, working tree clean
grc-colombia:338_02_L05_Nlibby nlibby$ git add -A
grc-colombia:338_02_L05_Nlibby nlibby$ git commit -m "Image class assigned"
[master 421de83] Image class assigned
 2 files changed, 56 insertions(+), 11 deletions(-)
grc-colombia:338_02_L05_Nlibby nlibby$ git status
On branch master
Your branch is ahead of 'origin/master' by 4 commits.
  (use "git push" to publish your local commits)
nothing to commit, working tree clean
grc-colombia:338_02_L05_Nlibby nlibby$ git add -A
grc-colombia:338_02_L05_Nlibby nlibby$ git commit -m "Image sizing altered"
[master 7306abc] Image sizing altered
 1 file changed, 4 insertions(+), 4 deletions(-)
grc-colombia:338_02_L05_Nlibby nlibby$ git status
On branch master
Your branch is ahead of 'origin/master' by 5 commits.
  (use "git push" to publish your local commits)
nothing to commit, working tree clean
grc-colombia:338_02_L05_Nlibby nlibby$ git add -A
grc-colombia:338_02_L05_Nlibby nlibby$ git commit -m "Fix th tags"
[master e146984] Fix th tags
 1 file changed, 5 insertions(+), 5 deletions(-)
grc-colombia:338_02_L05_Nlibby nlibby$ git status
On branch master
Your branch is ahead of 'origin/master' by 6 commits.
  (use "git push" to publish your local commits)
nothing to commit, working tree clean
grc-colombia:338_02_L05_Nlibby nlibby$ git push
Counting objects: 32, done.
Delta compression using up to 4 threads.
Compressing objects: 100% (32/32), done.
Writing objects: 100% (32/32), 6.42 KiB | 0 bytes/s, done.
Total 32 (delta 15), reused 0 (delta 0)
remote: Resolving deltas: 100% (15/15), completed with 5 local objects.
To https://github.com/kiipcha/GrC-338-lab-5.git
   eceb920..e146984  master -> master
grc-colombia:338_02_L05_Nlibby nlibby$ 
